// Jest Snapshot v1, https://goo.gl/fbAQLP

exports[`Pruebas <GifGrid  /> Debe de mostrar <GifGrid  /> correctamente 1`] = `
<Fragment>
  <h3
    className="animate__animated animate__flash"
  >
    Homero
  </h3>
  <p>
    'Cargando...'
  </p>
  <div
    className="card-grid"
  />
</Fragment>
`;
