// Jest Snapshot v1, https://goo.gl/fbAQLP

exports[`Pruebas <GifGridItem  /> Debe de mostrar <GifGridItem  /> correctamente 1`] = `
<Fragment>
  <div
    className="card animate__animated animate__flash"
  >
    <h4
      className="h4-back"
    >
      Titulo
    </h4>
    <img
      alt="Titulo"
      height="100%"
      src="https://localhost/prueba.jpg"
      width="100%"
    />
  </div>
</Fragment>
`;
